gplink-0.13.7 beta
Map File - Created 8-8-2010  12:38:45
 
                                 Section Info
                  Section       Type    Address   Location Size(Bytes)
                ---------  ---------  ---------  ---------  ---------
                  STARTUP       code   00000000    program   0x000006
             ID_idata_0_i       code   0x000003    program   0x000002
              c_interrupt       code   0x000004    program   0x000036
               code_rfm12       code   0x00001f    program   0x0005b4
              code_eeprom       code   0x0002f9    program   0x000156
               code_idata       code   0x0003a4    program   0x000128
                    .code       code   0x000438    program   0x000080
              code_Sender       code   0x000478    program   0x000056
               code_delay       code   0x0004a3    program   0x000048
                   .cinit       code   0x0004c7    program   0x000010
              ID_Sender_0       code   0x0004cf    program   0x00000c
                  .config       code   0x002007    program   0x000004
               ID_idata_0      idata   0x0000a8       data   0x000001
        UD_abs_pic16f88_0      udata   00000000       data   0x000001
        UD_abs_pic16f88_1      udata   0x000001       data   0x000001
        UD_abs_pic16f88_2      udata   0x000002       data   0x000001
        UD_abs_pic16f88_3      udata   0x000003       data   0x000001
        UD_abs_pic16f88_4      udata   0x000004       data   0x000001
        UD_abs_pic16f88_5      udata   0x000005       data   0x000001
        UD_abs_pic16f88_6      udata   0x000006       data   0x000001
        UD_abs_pic16f88_a      udata   0x00000a       data   0x000001
        UD_abs_pic16f88_b      udata   0x00000b       data   0x000001
        UD_abs_pic16f88_c      udata   0x00000c       data   0x000001
        UD_abs_pic16f88_d      udata   0x00000d       data   0x000001
        UD_abs_pic16f88_e      udata   0x00000e       data   0x000001
        UD_abs_pic16f88_f      udata   0x00000f       data   0x000001
       UD_abs_pic16f88_10      udata   0x000010       data   0x000001
       UD_abs_pic16f88_11      udata   0x000011       data   0x000001
       UD_abs_pic16f88_12      udata   0x000012       data   0x000001
       UD_abs_pic16f88_13      udata   0x000013       data   0x000001
       UD_abs_pic16f88_14      udata   0x000014       data   0x000001
       UD_abs_pic16f88_15      udata   0x000015       data   0x000001
       UD_abs_pic16f88_16      udata   0x000016       data   0x000001
       UD_abs_pic16f88_17      udata   0x000017       data   0x000001
       UD_abs_pic16f88_18      udata   0x000018       data   0x000001
       UD_abs_pic16f88_19      udata   0x000019       data   0x000001
       UD_abs_pic16f88_1a      udata   0x00001a       data   0x000001
       UD_abs_pic16f88_1e      udata   0x00001e       data   0x000001
       UD_abs_pic16f88_1f      udata   0x00001f       data   0x000001
              UDL_rfm12_0      udata   0x000020       data   0x000026
             UDL_eeprom_0      udata   0x000046       data   0x000019
              UDL_idata_0      udata   0x00005f       data   0x00000c
              UDL_delay_0      udata   0x00006b       data   0x000005
                sharebank      udata   0x000070       data   0x000010
       UD_abs_pic16f88_81      udata   0x000081       data   0x000001
       UD_abs_pic16f88_85      udata   0x000085       data   0x000001
       UD_abs_pic16f88_86      udata   0x000086       data   0x000001
       UD_abs_pic16f88_8c      udata   0x00008c       data   0x000001
       UD_abs_pic16f88_8d      udata   0x00008d       data   0x000001
       UD_abs_pic16f88_8e      udata   0x00008e       data   0x000001
       UD_abs_pic16f88_8f      udata   0x00008f       data   0x000001
       UD_abs_pic16f88_90      udata   0x000090       data   0x000001
       UD_abs_pic16f88_92      udata   0x000092       data   0x000001
       UD_abs_pic16f88_93      udata   0x000093       data   0x000001
       UD_abs_pic16f88_94      udata   0x000094       data   0x000001
       UD_abs_pic16f88_98      udata   0x000098       data   0x000001
       UD_abs_pic16f88_99      udata   0x000099       data   0x000001
       UD_abs_pic16f88_9b      udata   0x00009b       data   0x000001
       UD_abs_pic16f88_9c      udata   0x00009c       data   0x000001
       UD_abs_pic16f88_9d      udata   0x00009d       data   0x000001
       UD_abs_pic16f88_9e      udata   0x00009e       data   0x000001
       UD_abs_pic16f88_9f      udata   0x00009f       data   0x000001
             UDL_Sender_0      udata   0x0000a0       data   0x000003
              UD_Sender_0      udata   0x0000a3       data   0x000002
              UD_Sender_1      udata   0x0000a5       data   0x000002
          UD_shadowregs_0      udata   0x0000a7       data   0x000001
      UD_abs_pic16f88_105      udata   0x000105       data   0x000001
      UD_abs_pic16f88_10c      udata   0x00010c       data   0x000001
      UD_abs_pic16f88_10d      udata   0x00010d       data   0x000001
      UD_abs_pic16f88_10e      udata   0x00010e       data   0x000001
      UD_abs_pic16f88_10f      udata   0x00010f       data   0x000001
      UD_abs_pic16f88_18c      udata   0x00018c       data   0x000001
      UD_abs_pic16f88_18d      udata   0x00018d       data   0x000001
 
                              Program Memory Usage
                               Start         End
                           ---------   ---------
                            0x002007    0x002008
                            0x0004cf    0x0004d4
                            00000000    0x000002
                            0x000004    0x00001e
                            0x000478    0x0004a2
                            0x0004a3    0x0004c6
                            0x00001f    0x0002f8
                            0x0002f9    0x0003a3
                            0x000438    0x000477
                            0x000003    0x000003
                            0x0003a4    0x000437
                            0x0004c7    0x0004ce
 
                            1239 program addresses used
 
                              Symbols
                     Name    Address   Location    Storage File
                ---------  ---------  ---------  --------- ---------
                    PSAVE   0x000070       data     extern Sender.c
                    SSAVE   0x000071       data     extern Sender.c
                    WSAVE   0x000072       data     extern Sender.c
                    STK12   0x000073       data     extern Sender.c
                    STK11   0x000074       data     extern Sender.c
                    STK10   0x000075       data     extern Sender.c
                    STK09   0x000076       data     extern Sender.c
                    STK08   0x000077       data     extern Sender.c
                    STK07   0x000078       data     extern Sender.c
                    STK06   0x000079       data     extern Sender.c
                    STK05   0x00007a       data     extern Sender.c
                    STK04   0x00007b       data     extern Sender.c
                    STK03   0x00007c       data     extern Sender.c
                    STK02   0x00007d       data     extern Sender.c
                    STK01   0x00007e       data     extern Sender.c
                    STK00   0x00007f       data     extern Sender.c
                _cnt_tout   0x0000a3       data     extern Sender.c
                _err_tout   0x0000a5       data     extern Sender.c
                  r0x1002   0x0000a0       data     static Sender.c
                  r0x1001   0x0000a1       data     static Sender.c
                  r0x1003   0x0000a2       data     static Sender.c
                  __str_0   0x0004cf    program     static Sender.c
         __sdcc_interrupt   0x000004    program     static Sender.c
                     _isr   0x000004    program     extern Sender.c
         END_OF_INTERRUPT   0x00001e    program     static Sender.c
                    _main   0x000478    program     extern Sender.c
      _code_Sender_00000c   0x000484    program     static Sender.c
      _code_Sender_000010   0x000488    program     static Sender.c
               _00110_DS_   0x000489    program     static Sender.c
      _code_Sender_000024   0x00049c    program     static Sender.c
      _code_Sender_000028   0x0004a0    program     static Sender.c
                  r0x1000   0x00006b       data     static delay.c
                  r0x1001   0x00006c       data     static delay.c
                  r0x1002   0x00006d       data     static delay.c
                  r0x1003   0x00006e       data     static delay.c
                  r0x1004   0x00006f       data     static delay.c
                 _delay_s   0x0004a3    program     extern delay.c
               _00131_DS_   0x0004a6    program     static delay.c
               _00123_DS_   0x0004aa    program     static delay.c
                _delay_ms   0x0004b3    program     extern delay.c
               _00118_DS_   0x0004b6    program     static delay.c
               _00116_DS_   0x0004ba    program     static delay.c
               _00105_DS_   0x0004be    program     static delay.c
                  r0x101B   0x000020       data     static rfm12.c
                  r0x101A   0x000021       data     static rfm12.c
                  r0x1019   0x000022       data     static rfm12.c
                  r0x101D   0x000023       data     static rfm12.c
                  r0x101C   0x000024       data     static rfm12.c
                  r0x101E   0x000025       data     static rfm12.c
                  r0x101F   0x000026       data     static rfm12.c
                  r0x1020   0x000027       data     static rfm12.c
                  r0x1021   0x000028       data     static rfm12.c
                  r0x1022   0x000029       data     static rfm12.c
                  r0x1024   0x00002a       data     static rfm12.c
                  r0x1023   0x00002b       data     static rfm12.c
                  r0x1027   0x00002c       data     static rfm12.c
                  r0x100D   0x00002d       data     static rfm12.c
                  r0x100C   0x00002e       data     static rfm12.c
                  r0x100B   0x00002f       data     static rfm12.c
                  r0x100F   0x000030       data     static rfm12.c
                  r0x100E   0x000031       data     static rfm12.c
                  r0x1010   0x000032       data     static rfm12.c
                  r0x1011   0x000033       data     static rfm12.c
                  r0x1012   0x000034       data     static rfm12.c
                  r0x1013   0x000035       data     static rfm12.c
                  r0x1014   0x000036       data     static rfm12.c
                  r0x1015   0x000037       data     static rfm12.c
                  r0x1016   0x000038       data     static rfm12.c
                  r0x1017   0x000039       data     static rfm12.c
                  r0x1018   0x00003a       data     static rfm12.c
                  r0x1007   0x00003b       data     static rfm12.c
                  r0x1006   0x00003c       data     static rfm12.c
                  r0x1008   0x00003d       data     static rfm12.c
                  r0x1009   0x00003e       data     static rfm12.c
                  r0x100A   0x00003f       data     static rfm12.c
                  r0x1001   0x000040       data     static rfm12.c
                  r0x1000   0x000041       data     static rfm12.c
                  r0x1002   0x000042       data     static rfm12.c
                  r0x1003   0x000043       data     static rfm12.c
                  r0x1004   0x000044       data     static rfm12.c
                  r0x1005   0x000045       data     static rfm12.c
             _rfm12_spi16   0x00001f    program     extern rfm12.c
               _00227_DS_   0x00002c    program     static rfm12.c
               _00220_DS_   0x000038    program     static rfm12.c
               _00221_DS_   0x00003b    program     static rfm12.c
               _00001_DS_   0x000047    program     static rfm12.c
               _00224_DS_   0x000051    program     static rfm12.c
               _00230_DS_   0x00005c    program     static rfm12.c
              _rfm12_wait   0x000065    program     extern rfm12.c
               _00196_DS_   0x000071    program     static rfm12.c
               _00192_DS_   0x000078    program     static rfm12.c
               _00213_DS_   0x000088    program     static rfm12.c
               _00198_DS_   0x00008a    program     static rfm12.c
               _00214_DS_   0x000092    program     static rfm12.c
               _00200_DS_   0x000096    program     static rfm12.c
               _00202_DS_   0x000097    program     static rfm12.c
            _rfm12_dis_rx   0x000098    program     extern rfm12.c
       _code_rfm12_00007e   0x00009d    program     static rfm12.c
            _rfm12_ena_rx   0x0000a2    program     extern rfm12.c
       _code_rfm12_00008b   0x0000aa    program     static rfm12.c
       _code_rfm12_000091   0x0000b0    program     static rfm12.c
       _code_rfm12_000097   0x0000b6    program     static rfm12.c
           _rfm12_rcv_msg   0x0000b8    program     extern rfm12.c
               _00164_DS_   0x0000cb    program     static rfm12.c
               _00178_DS_   0x0000da    program     static rfm12.c
       _code_rfm12_0000c2   0x0000e1    program     static rfm12.c
       _code_rfm12_0000cd   0x0000ec    program     static rfm12.c
               _00156_DS_   0x0000f5    program     static rfm12.c
       _code_rfm12_0000ed   0x00010c    program     static rfm12.c
               _00167_DS_   0x000119    program     static rfm12.c
       _code_rfm12_0000ff   0x00011e    program     static rfm12.c
       _code_rfm12_00010a   0x000129    program     static rfm12.c
               _00158_DS_   0x000132    program     static rfm12.c
               _00179_DS_   0x000141    program     static rfm12.c
               _00002_DS_   0x000144    program     static rfm12.c
       _code_rfm12_000127   0x000146    program     static rfm12.c
               _00161_DS_   0x00014b    program     static rfm12.c
       _code_rfm12_000132   0x000151    program     static rfm12.c
               _00168_DS_   0x000152    program     static rfm12.c
           _rfm12_snd_msg   0x000153    program     extern rfm12.c
       _code_rfm12_000146   0x000165    program     static rfm12.c
       _code_rfm12_00014c   0x00016b    program     static rfm12.c
               _00110_DS_   0x000174    program     static rfm12.c
       _code_rfm12_00015a   0x000179    program     static rfm12.c
       _code_rfm12_000160   0x00017f    program     static rfm12.c
               _00112_DS_   0x000188    program     static rfm12.c
       _code_rfm12_00016e   0x00018d    program     static rfm12.c
       _code_rfm12_000174   0x000193    program     static rfm12.c
               _00114_DS_   0x00019c    program     static rfm12.c
       _code_rfm12_000182   0x0001a1    program     static rfm12.c
       _code_rfm12_000188   0x0001a7    program     static rfm12.c
               _00116_DS_   0x0001b0    program     static rfm12.c
       _code_rfm12_000196   0x0001b5    program     static rfm12.c
       _code_rfm12_00019c   0x0001bb    program     static rfm12.c
               _00118_DS_   0x0001c4    program     static rfm12.c
       _code_rfm12_0001aa   0x0001c9    program     static rfm12.c
       _code_rfm12_0001b0   0x0001cf    program     static rfm12.c
               _00145_DS_   0x0001d8    program     static rfm12.c
               _00131_DS_   0x0001db    program     static rfm12.c
               _00150_DS_   0x0001ea    program     static rfm12.c
       _code_rfm12_0001e1   0x000200    program     static rfm12.c
       _code_rfm12_0001ec   0x00020b    program     static rfm12.c
       _code_rfm12_0001f2   0x000211    program     static rfm12.c
               _00122_DS_   0x00021a    program     static rfm12.c
       _code_rfm12_000204   0x000223    program     static rfm12.c
               _00134_DS_   0x000231    program     static rfm12.c
       _code_rfm12_00021c   0x00023b    program     static rfm12.c
       _code_rfm12_000222   0x000241    program     static rfm12.c
               _00124_DS_   0x00024a    program     static rfm12.c
       _code_rfm12_000230   0x00024f    program     static rfm12.c
       _code_rfm12_000236   0x000255    program     static rfm12.c
               _00126_DS_   0x00025e    program     static rfm12.c
       _code_rfm12_000244   0x000263    program     static rfm12.c
       _code_rfm12_00024a   0x000269    program     static rfm12.c
               _00128_DS_   0x000272    program     static rfm12.c
       _code_rfm12_000258   0x000277    program     static rfm12.c
       _code_rfm12_00025e   0x00027d    program     static rfm12.c
               _00130_DS_   0x000286    program     static rfm12.c
       _code_rfm12_00026c   0x00028b    program     static rfm12.c
       _code_rfm12_000273   0x000292    program     static rfm12.c
               _00135_DS_   0x000297    program     static rfm12.c
              _rfm12_init   0x000298    program     extern rfm12.c
       _code_rfm12_00028a   0x0002a9    program     static rfm12.c
       _code_rfm12_000290   0x0002af    program     static rfm12.c
       _code_rfm12_000296   0x0002b5    program     static rfm12.c
       _code_rfm12_00029c   0x0002bb    program     static rfm12.c
       _code_rfm12_0002a2   0x0002c1    program     static rfm12.c
       _code_rfm12_0002a8   0x0002c7    program     static rfm12.c
       _code_rfm12_0002ae   0x0002cd    program     static rfm12.c
       _code_rfm12_0002b4   0x0002d3    program     static rfm12.c
       _code_rfm12_0002ba   0x0002d9    program     static rfm12.c
       _code_rfm12_0002c0   0x0002df    program     static rfm12.c
       _code_rfm12_0002c6   0x0002e5    program     static rfm12.c
       _code_rfm12_0002cc   0x0002eb    program     static rfm12.c
       _code_rfm12_0002d2   0x0002f1    program     static rfm12.c
       _code_rfm12_0002d8   0x0002f7    program     static rfm12.c
                  r0x100F   0x000046       data     static eeprom.c
                  r0x100E   0x000047       data     static eeprom.c
                  r0x1012   0x000048       data     static eeprom.c
                  r0x1011   0x000049       data     static eeprom.c
                  r0x1010   0x00004a       data     static eeprom.c
                  r0x1014   0x00004b       data     static eeprom.c
                  r0x1013   0x00004c       data     static eeprom.c
                  r0x1015   0x00004d       data     static eeprom.c
                  r0x1016   0x00004e       data     static eeprom.c
                  r0x1017   0x00004f       data     static eeprom.c
                  r0x1018   0x000050       data     static eeprom.c
                  r0x1019   0x000051       data     static eeprom.c
                  r0x1001   0x000052       data     static eeprom.c
                  r0x1000   0x000053       data     static eeprom.c
                  r0x1004   0x000054       data     static eeprom.c
                  r0x1003   0x000055       data     static eeprom.c
                  r0x1002   0x000056       data     static eeprom.c
                  r0x1006   0x000057       data     static eeprom.c
                  r0x1005   0x000058       data     static eeprom.c
                  r0x1007   0x000059       data     static eeprom.c
                  r0x1008   0x00005a       data     static eeprom.c
                  r0x1009   0x00005b       data     static eeprom.c
                  r0x100A   0x00005c       data     static eeprom.c
                  r0x100B   0x00005d       data     static eeprom.c
                  r0x100C   0x00005e       data     static eeprom.c
             _eeprom_read   0x0002f9    program     extern eeprom.c
               _00127_DS_   0x00030a    program     static eeprom.c
               _00136_DS_   0x000316    program     static eeprom.c
      _code_eeprom_000048   0x000341    program     static eeprom.c
               _00131_DS_   0x000348    program     static eeprom.c
            _eeprom_write   0x000349    program     extern eeprom.c
               _00111_DS_   0x00035a    program     static eeprom.c
               _00122_DS_   0x000366    program     static eeprom.c
      _code_eeprom_000092   0x00038b    program     static eeprom.c
               _00108_DS_   0x000398    program     static eeprom.c
               _00115_DS_   0x0003a3    program     static eeprom.c
                __gptrput   0x000438    program     extern _gptrput1.Spp
               __gptrput1   0x000438    program     extern _gptrput1.Spp
            __dataptrput1   0x00043c    program     static _gptrput1.Spp
        ___sdcc_saved_fsr   0x0000a7       data     extern ../build/libsdcc/shadowregs.asm
                  r0x1001   0x00005f       data     static ../build/libsdcc/idata.asm
                  r0x1000   0x000060       data     static ../build/libsdcc/idata.asm
                  r0x1002   0x000061       data     static ../build/libsdcc/idata.asm
                  r0x1003   0x000062       data     static ../build/libsdcc/idata.asm
                  r0x1004   0x000063       data     static ../build/libsdcc/idata.asm
                  r0x1005   0x000064       data     static ../build/libsdcc/idata.asm
                  r0x1007   0x000065       data     static ../build/libsdcc/idata.asm
                  r0x1006   0x000066       data     static ../build/libsdcc/idata.asm
                  r0x1009   0x000067       data     static ../build/libsdcc/idata.asm
                  r0x1008   0x000068       data     static ../build/libsdcc/idata.asm
                  r0x100B   0x000069       data     static ../build/libsdcc/idata.asm
                  r0x100A   0x00006a       data     static ../build/libsdcc/idata.asm
             _force_cinit   0x0000a8       data     static ../build/libsdcc/idata.asm
    __sdcc_gsinit_startup   0x0003a4    program     extern ../build/libsdcc/idata.asm
       _code_idata_000008   0x0003ac    program     static ../build/libsdcc/idata.asm
               _00108_DS_   0x0003b7    program     static ../build/libsdcc/idata.asm
       _code_idata_000030   0x0003d4    program     static ../build/libsdcc/idata.asm
       _code_idata_00003f   0x0003e3    program     static ../build/libsdcc/idata.asm
       _code_idata_000057   0x0003fb    program     static ../build/libsdcc/idata.asm
               _00105_DS_   0x000404    program     static ../build/libsdcc/idata.asm
       _code_idata_000076   0x00041a    program     static ../build/libsdcc/idata.asm
               _00107_DS_   0x00042d    program     static ../build/libsdcc/idata.asm
               _00110_DS_   0x000434    program     static ../build/libsdcc/idata.asm
                __gptrget   0x000444    program     extern _gptrget1.Spp
               __gptrget1   0x000444    program     extern _gptrget1.Spp
            __dataptrget1   0x00044b    program     static _gptrget1.Spp
            __codeptrget1   0x000452    program     extern _gptrget1.Spp
               __gptrget2   0x000457    program     extern _gptrget2.Spp
            __dataptrget2   0x00045f    program     static _gptrget2.Spp
            __codeptrget2   0x000469    program     static _gptrget2.Spp
                    _INDF   00000000       data     extern pic16f88.asm
                    _TMR0   0x000001       data     extern pic16f88.asm
                     _PCL   0x000002       data     extern pic16f88.asm
             _STATUS_bits   0x000003       data     extern pic16f88.asm
                  _STATUS   0x000003       data     extern pic16f88.asm
                     _FSR   0x000004       data     extern pic16f88.asm
              _PORTA_bits   0x000005       data     extern pic16f88.asm
                   _PORTA   0x000005       data     extern pic16f88.asm
              _PORTB_bits   0x000006       data     extern pic16f88.asm
                   _PORTB   0x000006       data     extern pic16f88.asm
                  _PCLATH   0x00000a       data     extern pic16f88.asm
             _INTCON_bits   0x00000b       data     extern pic16f88.asm
                  _INTCON   0x00000b       data     extern pic16f88.asm
               _PIR1_bits   0x00000c       data     extern pic16f88.asm
                    _PIR1   0x00000c       data     extern pic16f88.asm
               _PIR2_bits   0x00000d       data     extern pic16f88.asm
                    _PIR2   0x00000d       data     extern pic16f88.asm
                   _TMR1L   0x00000e       data     extern pic16f88.asm
                   _TMR1H   0x00000f       data     extern pic16f88.asm
              _T1CON_bits   0x000010       data     extern pic16f88.asm
                   _T1CON   0x000010       data     extern pic16f88.asm
                    _TMR2   0x000011       data     extern pic16f88.asm
              _T2CON_bits   0x000012       data     extern pic16f88.asm
                   _T2CON   0x000012       data     extern pic16f88.asm
                  _SSPBUF   0x000013       data     extern pic16f88.asm
             _SSPCON_bits   0x000014       data     extern pic16f88.asm
                  _SSPCON   0x000014       data     extern pic16f88.asm
                  _CCPR1L   0x000015       data     extern pic16f88.asm
                  _CCPR1H   0x000016       data     extern pic16f88.asm
            _CCP1CON_bits   0x000017       data     extern pic16f88.asm
                 _CCP1CON   0x000017       data     extern pic16f88.asm
              _RCSTA_bits   0x000018       data     extern pic16f88.asm
                   _RCSTA   0x000018       data     extern pic16f88.asm
                   _TXREG   0x000019       data     extern pic16f88.asm
                   _RCREG   0x00001a       data     extern pic16f88.asm
                  _ADRESH   0x00001e       data     extern pic16f88.asm
             _ADCON0_bits   0x00001f       data     extern pic16f88.asm
                  _ADCON0   0x00001f       data     extern pic16f88.asm
         _OPTION_REG_bits   0x000081       data     extern pic16f88.asm
              _OPTION_REG   0x000081       data     extern pic16f88.asm
              _TRISA_bits   0x000085       data     extern pic16f88.asm
                   _TRISA   0x000085       data     extern pic16f88.asm
              _TRISB_bits   0x000086       data     extern pic16f88.asm
                   _TRISB   0x000086       data     extern pic16f88.asm
               _PIE1_bits   0x00008c       data     extern pic16f88.asm
                    _PIE1   0x00008c       data     extern pic16f88.asm
               _PIE2_bits   0x00008d       data     extern pic16f88.asm
                    _PIE2   0x00008d       data     extern pic16f88.asm
               _PCON_bits   0x00008e       data     extern pic16f88.asm
                    _PCON   0x00008e       data     extern pic16f88.asm
             _OSCCON_bits   0x00008f       data     extern pic16f88.asm
                  _OSCCON   0x00008f       data     extern pic16f88.asm
            _OSCTUNE_bits   0x000090       data     extern pic16f88.asm
                 _OSCTUNE   0x000090       data     extern pic16f88.asm
                     _PR2   0x000092       data     extern pic16f88.asm
                  _SSPADD   0x000093       data     extern pic16f88.asm
            _SSPSTAT_bits   0x000094       data     extern pic16f88.asm
                 _SSPSTAT   0x000094       data     extern pic16f88.asm
              _TXSTA_bits   0x000098       data     extern pic16f88.asm
                   _TXSTA   0x000098       data     extern pic16f88.asm
                   _SPBRG   0x000099       data     extern pic16f88.asm
                   _ANSEL   0x00009b       data     extern pic16f88.asm
              _CMCON_bits   0x00009c       data     extern pic16f88.asm
                   _CMCON   0x00009c       data     extern pic16f88.asm
             _CVRCON_bits   0x00009d       data     extern pic16f88.asm
                  _CVRCON   0x00009d       data     extern pic16f88.asm
                  _ADRESL   0x00009e       data     extern pic16f88.asm
             _ADCON1_bits   0x00009f       data     extern pic16f88.asm
                  _ADCON1   0x00009f       data     extern pic16f88.asm
             _WDTCON_bits   0x000105       data     extern pic16f88.asm
                  _WDTCON   0x000105       data     extern pic16f88.asm
                  _EEDATA   0x00010c       data     extern pic16f88.asm
                   _EEADR   0x00010d       data     extern pic16f88.asm
                  _EEDATH   0x00010e       data     extern pic16f88.asm
                  _EEADRH   0x00010f       data     extern pic16f88.asm
             _EECON1_bits   0x00018c       data     extern pic16f88.asm
                  _EECON1   0x00018c       data     extern pic16f88.asm
                  _EECON2   0x00018d       data     extern pic16f88.asm
                   _cinit   0x0004c7    program     extern eeprom.c
 
