gplink-0.13.7 beta
Map File - Created 8-8-2010  12:38:54
 
                                 Section Info
                  Section       Type    Address   Location Size(Bytes)
                ---------  ---------  ---------  ---------  ---------
                  STARTUP       code   00000000    program   0x000004
             ID_idata_0_i       code   0x000002    program   0x000002
              c_interrupt       code   0x000004    program   0x000056
               code_rfm12       code   0x00002f    program   0x0004e8
              code_eeprom       code   0x0002a3    program   0x000142
               code_idata       code   0x000344    program   0x000128
                    .code       code   0x0003d8    program   0x000080
               code_delay       code   0x000418    program   0x000048
            code_Receiver       code   0x00043c    program   0x00003a
                   .cinit       code   0x000459    program   0x000010
                  .config       code   0x002007    program   0x000002
               ID_idata_0      idata   0x00014e       data   0x000001
      UD_abs_pic16f628a_0      udata   00000000       data   0x000001
      UD_abs_pic16f628a_1      udata   0x000001       data   0x000001
      UD_abs_pic16f628a_2      udata   0x000002       data   0x000001
      UD_abs_pic16f628a_3      udata   0x000003       data   0x000001
      UD_abs_pic16f628a_4      udata   0x000004       data   0x000001
      UD_abs_pic16f628a_5      udata   0x000005       data   0x000001
      UD_abs_pic16f628a_6      udata   0x000006       data   0x000001
      UD_abs_pic16f628a_a      udata   0x00000a       data   0x000001
      UD_abs_pic16f628a_b      udata   0x00000b       data   0x000001
      UD_abs_pic16f628a_c      udata   0x00000c       data   0x000001
      UD_abs_pic16f628a_e      udata   0x00000e       data   0x000001
      UD_abs_pic16f628a_f      udata   0x00000f       data   0x000001
     UD_abs_pic16f628a_10      udata   0x000010       data   0x000001
     UD_abs_pic16f628a_11      udata   0x000011       data   0x000001
     UD_abs_pic16f628a_12      udata   0x000012       data   0x000001
     UD_abs_pic16f628a_15      udata   0x000015       data   0x000001
     UD_abs_pic16f628a_16      udata   0x000016       data   0x000001
     UD_abs_pic16f628a_17      udata   0x000017       data   0x000001
     UD_abs_pic16f628a_18      udata   0x000018       data   0x000001
     UD_abs_pic16f628a_19      udata   0x000019       data   0x000001
     UD_abs_pic16f628a_1a      udata   0x00001a       data   0x000001
     UD_abs_pic16f628a_1f      udata   0x00001f       data   0x000001
             UDL_eeprom_0      udata   0x000020       data   0x000019
            UD_Receiver_0      udata   0x000039       data   0x000013
              UDL_idata_0      udata   0x00004c       data   0x00000c
                sharebank      udata   0x000070       data   0x000010
     UD_abs_pic16f628a_81      udata   0x000081       data   0x000001
     UD_abs_pic16f628a_85      udata   0x000085       data   0x000001
     UD_abs_pic16f628a_86      udata   0x000086       data   0x000001
     UD_abs_pic16f628a_8c      udata   0x00008c       data   0x000001
     UD_abs_pic16f628a_8e      udata   0x00008e       data   0x000001
     UD_abs_pic16f628a_92      udata   0x000092       data   0x000001
     UD_abs_pic16f628a_98      udata   0x000098       data   0x000001
     UD_abs_pic16f628a_99      udata   0x000099       data   0x000001
     UD_abs_pic16f628a_9a      udata   0x00009a       data   0x000001
     UD_abs_pic16f628a_9b      udata   0x00009b       data   0x000001
     UD_abs_pic16f628a_9c      udata   0x00009c       data   0x000001
     UD_abs_pic16f628a_9d      udata   0x00009d       data   0x000001
     UD_abs_pic16f628a_9f      udata   0x00009f       data   0x000001
              UDL_rfm12_0      udata   0x000120       data   0x000026
              UDL_delay_0      udata   0x000146       data   0x000005
           UDL_Receiver_0      udata   0x00014b       data   0x000002
          UD_shadowregs_0      udata   0x00014d       data   0x000001
 
                              Program Memory Usage
                               Start         End
                           ---------   ---------
                            0x002007    0x002007
                            00000000    0x000001
                            0x000004    0x00002e
                            0x00043c    0x000458
                            0x000418    0x00043b
                            0x0002a3    0x000343
                            0x00002f    0x0002a2
                            0x0003d8    0x000417
                            0x000002    0x000002
                            0x000344    0x0003d7
                            0x000459    0x000460
 
                            1121 program addresses used
 
                              Symbols
                     Name    Address   Location    Storage File
                ---------  ---------  ---------  --------- ---------
                    PSAVE   0x000070       data     extern Receiver.c
                    SSAVE   0x000071       data     extern Receiver.c
                    WSAVE   0x000072       data     extern Receiver.c
                    STK12   0x000073       data     extern Receiver.c
                    STK11   0x000074       data     extern Receiver.c
                    STK10   0x000075       data     extern Receiver.c
                    STK09   0x000076       data     extern Receiver.c
                    STK08   0x000077       data     extern Receiver.c
                    STK07   0x000078       data     extern Receiver.c
                    STK06   0x000079       data     extern Receiver.c
                    STK05   0x00007a       data     extern Receiver.c
                    STK04   0x00007b       data     extern Receiver.c
                    STK03   0x00007c       data     extern Receiver.c
                    STK02   0x00007d       data     extern Receiver.c
                    STK01   0x00007e       data     extern Receiver.c
                    STK00   0x00007f       data     extern Receiver.c
                   _rxbuf   0x000039       data     extern Receiver.c
                  r0x1015   0x00014b       data     static Receiver.c
                  r0x1014   0x00014c       data     static Receiver.c
         __sdcc_interrupt   0x000004    program     static Receiver.c
                     _isr   0x000004    program     extern Receiver.c
         END_OF_INTERRUPT   0x00002e    program     static Receiver.c
                    _main   0x00043c    program     extern Receiver.c
               _00110_DS_   0x000452    program     static Receiver.c
                  r0x1000   0x000146       data     static delay.c
                  r0x1001   0x000147       data     static delay.c
                  r0x1002   0x000148       data     static delay.c
                  r0x1003   0x000149       data     static delay.c
                  r0x1004   0x00014a       data     static delay.c
                 _delay_s   0x000418    program     extern delay.c
               _00131_DS_   0x00041b    program     static delay.c
               _00123_DS_   0x00041f    program     static delay.c
                _delay_ms   0x000428    program     extern delay.c
               _00118_DS_   0x00042b    program     static delay.c
               _00116_DS_   0x00042f    program     static delay.c
               _00105_DS_   0x000433    program     static delay.c
                  r0x100F   0x000020       data     static eeprom.c
                  r0x100E   0x000021       data     static eeprom.c
                  r0x1012   0x000022       data     static eeprom.c
                  r0x1011   0x000023       data     static eeprom.c
                  r0x1010   0x000024       data     static eeprom.c
                  r0x1014   0x000025       data     static eeprom.c
                  r0x1013   0x000026       data     static eeprom.c
                  r0x1015   0x000027       data     static eeprom.c
                  r0x1016   0x000028       data     static eeprom.c
                  r0x1017   0x000029       data     static eeprom.c
                  r0x1018   0x00002a       data     static eeprom.c
                  r0x1019   0x00002b       data     static eeprom.c
                  r0x1001   0x00002c       data     static eeprom.c
                  r0x1000   0x00002d       data     static eeprom.c
                  r0x1004   0x00002e       data     static eeprom.c
                  r0x1003   0x00002f       data     static eeprom.c
                  r0x1002   0x000030       data     static eeprom.c
                  r0x1006   0x000031       data     static eeprom.c
                  r0x1005   0x000032       data     static eeprom.c
                  r0x1007   0x000033       data     static eeprom.c
                  r0x1008   0x000034       data     static eeprom.c
                  r0x1009   0x000035       data     static eeprom.c
                  r0x100A   0x000036       data     static eeprom.c
                  r0x100B   0x000037       data     static eeprom.c
                  r0x100C   0x000038       data     static eeprom.c
             _eeprom_read   0x0002a3    program     extern eeprom.c
               _00127_DS_   0x0002b4    program     static eeprom.c
               _00136_DS_   0x0002c0    program     static eeprom.c
               _00131_DS_   0x0002ec    program     static eeprom.c
            _eeprom_write   0x0002ed    program     extern eeprom.c
               _00111_DS_   0x0002fe    program     static eeprom.c
               _00122_DS_   0x00030a    program     static eeprom.c
               _00108_DS_   0x000338    program     static eeprom.c
               _00115_DS_   0x000343    program     static eeprom.c
                  r0x101B   0x000120       data     static rfm12.c
                  r0x101A   0x000121       data     static rfm12.c
                  r0x1019   0x000122       data     static rfm12.c
                  r0x101D   0x000123       data     static rfm12.c
                  r0x101C   0x000124       data     static rfm12.c
                  r0x101E   0x000125       data     static rfm12.c
                  r0x101F   0x000126       data     static rfm12.c
                  r0x1020   0x000127       data     static rfm12.c
                  r0x1021   0x000128       data     static rfm12.c
                  r0x1022   0x000129       data     static rfm12.c
                  r0x1024   0x00012a       data     static rfm12.c
                  r0x1023   0x00012b       data     static rfm12.c
                  r0x1027   0x00012c       data     static rfm12.c
                  r0x100D   0x00012d       data     static rfm12.c
                  r0x100C   0x00012e       data     static rfm12.c
                  r0x100B   0x00012f       data     static rfm12.c
                  r0x100F   0x000130       data     static rfm12.c
                  r0x100E   0x000131       data     static rfm12.c
                  r0x1010   0x000132       data     static rfm12.c
                  r0x1011   0x000133       data     static rfm12.c
                  r0x1012   0x000134       data     static rfm12.c
                  r0x1013   0x000135       data     static rfm12.c
                  r0x1014   0x000136       data     static rfm12.c
                  r0x1015   0x000137       data     static rfm12.c
                  r0x1016   0x000138       data     static rfm12.c
                  r0x1017   0x000139       data     static rfm12.c
                  r0x1018   0x00013a       data     static rfm12.c
                  r0x1007   0x00013b       data     static rfm12.c
                  r0x1006   0x00013c       data     static rfm12.c
                  r0x1008   0x00013d       data     static rfm12.c
                  r0x1009   0x00013e       data     static rfm12.c
                  r0x100A   0x00013f       data     static rfm12.c
                  r0x1001   0x000140       data     static rfm12.c
                  r0x1000   0x000141       data     static rfm12.c
                  r0x1002   0x000142       data     static rfm12.c
                  r0x1003   0x000143       data     static rfm12.c
                  r0x1004   0x000144       data     static rfm12.c
                  r0x1005   0x000145       data     static rfm12.c
             _rfm12_spi16   0x00002f    program     extern rfm12.c
               _00227_DS_   0x00003c    program     static rfm12.c
               _00220_DS_   0x000048    program     static rfm12.c
               _00221_DS_   0x00004b    program     static rfm12.c
               _00001_DS_   0x000057    program     static rfm12.c
               _00224_DS_   0x000061    program     static rfm12.c
               _00230_DS_   0x00006c    program     static rfm12.c
              _rfm12_wait   0x000075    program     extern rfm12.c
               _00196_DS_   0x000081    program     static rfm12.c
               _00192_DS_   0x000088    program     static rfm12.c
               _00213_DS_   0x000098    program     static rfm12.c
               _00198_DS_   0x00009a    program     static rfm12.c
               _00214_DS_   0x0000a2    program     static rfm12.c
               _00200_DS_   0x0000a6    program     static rfm12.c
               _00202_DS_   0x0000a7    program     static rfm12.c
            _rfm12_dis_rx   0x0000a8    program     extern rfm12.c
            _rfm12_ena_rx   0x0000b0    program     extern rfm12.c
           _rfm12_rcv_msg   0x0000c0    program     extern rfm12.c
               _00164_DS_   0x0000d3    program     static rfm12.c
               _00178_DS_   0x0000e2    program     static rfm12.c
               _00156_DS_   0x0000f9    program     static rfm12.c
               _00167_DS_   0x00011b    program     static rfm12.c
               _00158_DS_   0x000130    program     static rfm12.c
               _00179_DS_   0x00013f    program     static rfm12.c
               _00002_DS_   0x000142    program     static rfm12.c
               _00161_DS_   0x000147    program     static rfm12.c
               _00168_DS_   0x00014c    program     static rfm12.c
           _rfm12_snd_msg   0x00014d    program     extern rfm12.c
               _00110_DS_   0x00016a    program     static rfm12.c
               _00112_DS_   0x00017a    program     static rfm12.c
               _00114_DS_   0x00018a    program     static rfm12.c
               _00116_DS_   0x00019a    program     static rfm12.c
               _00118_DS_   0x0001aa    program     static rfm12.c
               _00145_DS_   0x0001ba    program     static rfm12.c
               _00131_DS_   0x0001bd    program     static rfm12.c
               _00150_DS_   0x0001cc    program     static rfm12.c
               _00122_DS_   0x0001f6    program     static rfm12.c
               _00134_DS_   0x00020b    program     static rfm12.c
               _00124_DS_   0x000220    program     static rfm12.c
               _00126_DS_   0x000230    program     static rfm12.c
               _00128_DS_   0x000240    program     static rfm12.c
               _00130_DS_   0x000250    program     static rfm12.c
               _00135_DS_   0x00025d    program     static rfm12.c
              _rfm12_init   0x00025e    program     extern rfm12.c
                __gptrput   0x0003d8    program     extern _gptrput1.Spp
               __gptrput1   0x0003d8    program     extern _gptrput1.Spp
            __dataptrput1   0x0003dc    program     static _gptrput1.Spp
        ___sdcc_saved_fsr   0x00014d       data     extern ../build/libsdcc/shadowregs.asm
                  r0x1001   0x00004c       data     static ../build/libsdcc/idata.asm
                  r0x1000   0x00004d       data     static ../build/libsdcc/idata.asm
                  r0x1002   0x00004e       data     static ../build/libsdcc/idata.asm
                  r0x1003   0x00004f       data     static ../build/libsdcc/idata.asm
                  r0x1004   0x000050       data     static ../build/libsdcc/idata.asm
                  r0x1005   0x000051       data     static ../build/libsdcc/idata.asm
                  r0x1007   0x000052       data     static ../build/libsdcc/idata.asm
                  r0x1006   0x000053       data     static ../build/libsdcc/idata.asm
                  r0x1009   0x000054       data     static ../build/libsdcc/idata.asm
                  r0x1008   0x000055       data     static ../build/libsdcc/idata.asm
                  r0x100B   0x000056       data     static ../build/libsdcc/idata.asm
                  r0x100A   0x000057       data     static ../build/libsdcc/idata.asm
             _force_cinit   0x00014e       data     static ../build/libsdcc/idata.asm
    __sdcc_gsinit_startup   0x000344    program     extern ../build/libsdcc/idata.asm
       _code_idata_000008   0x00034c    program     static ../build/libsdcc/idata.asm
               _00108_DS_   0x000357    program     static ../build/libsdcc/idata.asm
       _code_idata_000030   0x000374    program     static ../build/libsdcc/idata.asm
       _code_idata_00003f   0x000383    program     static ../build/libsdcc/idata.asm
       _code_idata_000057   0x00039b    program     static ../build/libsdcc/idata.asm
               _00105_DS_   0x0003a4    program     static ../build/libsdcc/idata.asm
       _code_idata_000076   0x0003ba    program     static ../build/libsdcc/idata.asm
               _00107_DS_   0x0003cd    program     static ../build/libsdcc/idata.asm
               _00110_DS_   0x0003d4    program     static ../build/libsdcc/idata.asm
                __gptrget   0x0003e4    program     extern _gptrget1.Spp
               __gptrget1   0x0003e4    program     extern _gptrget1.Spp
            __dataptrget1   0x0003eb    program     static _gptrget1.Spp
            __codeptrget1   0x0003f2    program     extern _gptrget1.Spp
               __gptrget2   0x0003f7    program     extern _gptrget2.Spp
            __dataptrget2   0x0003ff    program     static _gptrget2.Spp
            __codeptrget2   0x000409    program     static _gptrget2.Spp
                    _INDF   00000000       data     extern pic16f628a.asm
                    _TMR0   0x000001       data     extern pic16f628a.asm
                     _PCL   0x000002       data     extern pic16f628a.asm
             _STATUS_bits   0x000003       data     extern pic16f628a.asm
                  _STATUS   0x000003       data     extern pic16f628a.asm
                     _FSR   0x000004       data     extern pic16f628a.asm
              _PORTA_bits   0x000005       data     extern pic16f628a.asm
                   _PORTA   0x000005       data     extern pic16f628a.asm
              _PORTB_bits   0x000006       data     extern pic16f628a.asm
                   _PORTB   0x000006       data     extern pic16f628a.asm
                  _PCLATH   0x00000a       data     extern pic16f628a.asm
             _INTCON_bits   0x00000b       data     extern pic16f628a.asm
                  _INTCON   0x00000b       data     extern pic16f628a.asm
               _PIR1_bits   0x00000c       data     extern pic16f628a.asm
                    _PIR1   0x00000c       data     extern pic16f628a.asm
                   _TMR1L   0x00000e       data     extern pic16f628a.asm
                   _TMR1H   0x00000f       data     extern pic16f628a.asm
              _T1CON_bits   0x000010       data     extern pic16f628a.asm
                   _T1CON   0x000010       data     extern pic16f628a.asm
                    _TMR2   0x000011       data     extern pic16f628a.asm
              _T2CON_bits   0x000012       data     extern pic16f628a.asm
                   _T2CON   0x000012       data     extern pic16f628a.asm
                  _CCPR1L   0x000015       data     extern pic16f628a.asm
                  _CCPR1H   0x000016       data     extern pic16f628a.asm
            _CCP1CON_bits   0x000017       data     extern pic16f628a.asm
                 _CCP1CON   0x000017       data     extern pic16f628a.asm
              _RCSTA_bits   0x000018       data     extern pic16f628a.asm
                   _RCSTA   0x000018       data     extern pic16f628a.asm
                   _TXREG   0x000019       data     extern pic16f628a.asm
                   _RCREG   0x00001a       data     extern pic16f628a.asm
              _CMCON_bits   0x00001f       data     extern pic16f628a.asm
                   _CMCON   0x00001f       data     extern pic16f628a.asm
         _OPTION_REG_bits   0x000081       data     extern pic16f628a.asm
              _OPTION_REG   0x000081       data     extern pic16f628a.asm
              _TRISA_bits   0x000085       data     extern pic16f628a.asm
                   _TRISA   0x000085       data     extern pic16f628a.asm
              _TRISB_bits   0x000086       data     extern pic16f628a.asm
                   _TRISB   0x000086       data     extern pic16f628a.asm
               _PIE1_bits   0x00008c       data     extern pic16f628a.asm
                    _PIE1   0x00008c       data     extern pic16f628a.asm
               _PCON_bits   0x00008e       data     extern pic16f628a.asm
                    _PCON   0x00008e       data     extern pic16f628a.asm
                     _PR2   0x000092       data     extern pic16f628a.asm
              _TXSTA_bits   0x000098       data     extern pic16f628a.asm
                   _TXSTA   0x000098       data     extern pic16f628a.asm
                   _SPBRG   0x000099       data     extern pic16f628a.asm
                  _EEDATA   0x00009a       data     extern pic16f628a.asm
                   _EEADR   0x00009b       data     extern pic16f628a.asm
             _EECON1_bits   0x00009c       data     extern pic16f628a.asm
                  _EECON1   0x00009c       data     extern pic16f628a.asm
                  _EECON2   0x00009d       data     extern pic16f628a.asm
              _VRCON_bits   0x00009f       data     extern pic16f628a.asm
                   _VRCON   0x00009f       data     extern pic16f628a.asm
                   _cinit   0x000459    program     extern rfm12.c
 
